testaaaa
test2
